
> react-typescript-starter@0.1.0 test
> react-scripts test "--coverage"

PASS src/nested.test.ts
PASS src/arrays.test.ts
PASS src/objects.test.ts
PASS src/components/StartAttempt.test.tsx
PASS src/components/TwoDice.test.tsx
PASS src/form-components/MultipleChoiceQuestion.test.tsx
PASS src/bad-components/ChooseTeam.test.tsx
PASS src/bad-components/DoubleHalf.test.tsx
PASS src/functions.test.ts
PASS src/form-components/CheckAnswer.test.tsx
PASS src/form-components/EditMode.test.tsx
PASS src/components/ChangeType.test.tsx
PASS src/components/CycleHoliday.test.tsx
PASS src/form-components/GiveAttempts.test.tsx
PASS src/form-components/ChangeColor.test.tsx
PASS src/components/Counter.test.tsx
PASS src/components/RevealAnswer.test.tsx
PASS src/bad-components/ColoredBox.test.tsx
PASS src/bad-components/ShoveBox.test.tsx
FAIL src/quizzer/Quizzer.test.tsx
  ● Quizzer Tests › The Quizzer renders the sketch

    expect(received).toEqual(expected) // deep equality

    Expected: "App Sketch"
    Received: [<img alt="App Sketch" src="sketch.jpg" />]

       9 |     test("The Quizzer renders the sketch", () => {
      10 |         const imageShow = screen.getAllByAltText("App Sketch");
    > 11 |         expect(imageShow).toEqual("App Sketch");
         |                           ^
      12 |     });
      13 | });
      14 |

      at Object.<anonymous> (src/quizzer/Quizzer.test.tsx:11:27)

FAIL src/App.test.tsx
  ● renders the course name somewhere

    TestingLibraryElementError: Unable to find an element with the text: /CISC275/i. This could be because the text is broken up by multiple elements. In this case, you can provide a function for your text matcher to make your matcher more flexible.

    Ignored nodes: comments, <script />, <style />
    [36m<body>[39m
      [36m<div>[39m
        [36m<div[39m
          [33mclass[39m=[32m"App"[39m
        [36m>[39m
          [36m<header[39m
            [33mclass[39m=[32m"App-header"[39m
          [36m>[39m
            [36m<div>[39m
              [0mQuizzer[0m
            [36m</div>[39m
          [36m</header>[39m
          [36m<hr />[39m
          [36m<button[39m
            [33mclass[39m=[32m"btn btn-primary"[39m
            [33mtype[39m=[32m"button"[39m
          [36m>[39m
            [0mToggle Quizzer[0m
          [36m</button>[39m
          [36m<hr />[39m
          [36m<div>[39m
            [36m<div>[39m
              [36m<div>[39m
                [36m<div>[39m
                  [36m<div>[39m
                    [36m<h4>[39m
                      [0mMath Quiz 1[0m
                    [36m</h4>[39m
                    [36m<div>[39m
                      [0mThe first math quiz[0m
                    [36m</div>[39m
                    [36m<div>[39m
                      [0mPoints: [0m
                      [0m2[0m
                    [36m</div>[39m
                    [36m<button[39m
                      [33mclass[39m=[32m"btn btn-primary"[39m
                      [33mtype[39m=[32m"button"[39m
                    [36m>[39m
                      [0mToggle View Quiz[0m
                    [36m</button>[39m
                    [36m<button[39m
                      [33mclass[39m=[32m"btn btn-primary"[39m
                      [33mtype[39m=[32m"button"[39m
                    [36m>[39m
                      [0mToggle Edit Quiz[0m
                    [36m</button>[39m
                    [36m<button[39m
                      [33mclass[39m=[32m"btn btn-primary"[39m
                      [33mtype[39m=[32m"button"[39m
                    [36m>[39m
                      [0mDelete Quiz[0m
                    [36m</button>[39m
                  [36m</div>[39m
                  [36m<hr />[39m
                [36m</div>[39m
                [36m<div>[39m
                  [36m<div>[39m
                    [36m<h4>[39m
                      [0mMath Quiz 2[0m
                    [36m</h4>[39m
                    [36m<div>[39m
                      [0mThe second math quiz[0m
                    [36m</div>[39m
                    [36m<div>[39m
                      [0mPoints: [0m
                      [0m0[0m
                    [36m</div>[39m
                    [36m<button[39m
                      [33mclass[39m=[32m"btn btn-primary"[39m
                      [33mtype[39m=[32m"button"[39m
                    [36m>[39m
                      [0mToggle View Quiz[0m
                    [36m</button>[39m
                    [36m<button[39m
                      [33mclass[39m=[32m"btn btn-primary"[39m
                      [33mtype[39m=[32m"button"[39m
                    [36m>[39m
                      [0mToggle Edit Quiz[0m
                    [36m</button>[39m
                    [36m<button[39m
                      [33mclass[39m=[32m"btn btn-primary"[39m
                      [33mtype[39m=[32m"button"[39m
                    [36m>[39m
                      [0mDelete Quiz[0m
                    [36m</button>[39m
                  [36m</div>[39m
                  [36m<hr />[39m
                [36m</div>[39m
                [36m<button[39m
                  [33mclass[39m=[32m"btn btn-primary"[39m
                  [33mtype[39m=[32m"button"[39m
                [36m>[39m
                  [0mAdd new empty quiz[0m
                [36m</button>[39m
              [36m</div>[39m
              [36m<hr />[39m
              [36m<img[39m
                [33malt[39m=[32m"App Sketch"[39m
                [33msrc[39m=[32m"sketch.jpg"[39m
              [36m/>[39m
              [36m<ul>[39m
                [36m<li>[39m
                  [0mAdded Sketch[0m
                [36m</li>[39m
                [36m<li>[39m
                  [0mCan add a new quiz[0m
                [36m</li>[39m
              [36m</ul>[39m
            [36m</div>[39m
            [36m<hr />[39m
          [36m</div>[39m
        [36m</div>[39m
      [36m</div>[39m
    [36m</body>[39m

       5 | test("renders the course name somewhere", () => {
       6 |     render(<App />);
    >  7 |     const linkElement = screen.getByText(/CISC275/i);
         |                                ^
       8 |     expect(linkElement).toBeInTheDocument();
       9 | });
      10 |

      at Object.getElementError (node_modules/@testing-library/dom/dist/config.js:38:19)
      at node_modules/@testing-library/dom/dist/query-helpers.js:90:38
      at node_modules/@testing-library/dom/dist/query-helpers.js:62:17
      at getByText (node_modules/@testing-library/dom/dist/query-helpers.js:111:19)
      at Object.<anonymous> (src/App.test.tsx:7:32)
      at TestScheduler.scheduleTests (node_modules/@jest/core/build/TestScheduler.js:333:13)
      at runJest (node_modules/@jest/core/build/runJest.js:404:19)
      at _run10000 (node_modules/@jest/core/build/cli/index.js:320:7)
      at runCLI (node_modules/@jest/core/build/cli/index.js:173:3)

-----------------------------|---------|----------|---------|---------|-------------------
File                         | % Stmts | % Branch | % Funcs | % Lines | Uncovered Line #s 
-----------------------------|---------|----------|---------|---------|-------------------
All files                    |   91.98 |    86.98 |   92.02 |   91.76 |                   
 src                         |   98.31 |    95.16 |   98.57 |   98.24 |                   
  App.tsx                    |   66.66 |       75 |      50 |   66.66 | 32                
  arrays.ts                  |     100 |      100 |     100 |     100 |                   
  functions.ts               |     100 |      100 |     100 |     100 |                   
  nested.ts                  |     100 |      100 |     100 |     100 |                   
  objects.ts                 |   93.33 |       90 |     100 |   93.33 | 51                
 src/bad-components          |     100 |       50 |     100 |     100 |                   
  ChooseTeam.tsx             |     100 |       50 |     100 |     100 | 18                
  ColoredBox.tsx             |     100 |      100 |     100 |     100 |                   
  DoubleHalf.tsx             |     100 |      100 |     100 |     100 |                   
  ShoveBox.tsx               |     100 |      100 |     100 |     100 |                   
 src/components              |     100 |      100 |     100 |     100 |                   
  ChangeType.tsx             |     100 |      100 |     100 |     100 |                   
  Counter.tsx                |     100 |      100 |     100 |     100 |                   
  CycleHoliday.tsx           |     100 |      100 |     100 |     100 |                   
  RevealAnswer.tsx           |     100 |      100 |     100 |     100 |                   
  StartAttempt.tsx           |     100 |      100 |     100 |     100 |                   
  TwoDice.tsx                |     100 |      100 |     100 |     100 |                   
 src/form-components         |     100 |      100 |     100 |     100 |                   
  ChangeColor.tsx            |     100 |      100 |     100 |     100 |                   
  CheckAnswer.tsx            |     100 |      100 |     100 |     100 |                   
  EditMode.tsx               |     100 |      100 |     100 |     100 |                   
  GiveAttempts.tsx           |     100 |      100 |     100 |     100 |                   
  MultipleChoiceQuestion.tsx |     100 |      100 |     100 |     100 |                   
 src/interfaces              |       0 |        0 |       0 |       0 |                   
  answer.ts                  |       0 |        0 |       0 |       0 |                   
  question.ts                |       0 |        0 |       0 |       0 |                   
 src/quizzer                 |   44.11 |    34.78 |    37.5 |   44.11 |                   
  Question_C.tsx             |       0 |        0 |       0 |       0 | 17-92             
  Quiz.tsx                   |      70 |    88.88 |      25 |      70 | 32-48             
  QuizList.tsx               |    87.5 |      100 |      80 |    87.5 | 57                
  Quizzer.tsx                |     100 |      100 |     100 |     100 |                   
-----------------------------|---------|----------|---------|---------|-------------------
Summary of all failing tests
FAIL src/quizzer/Quizzer.test.tsx
  ● Quizzer Tests › The Quizzer renders the sketch

    expect(received).toEqual(expected) // deep equality

    Expected: "App Sketch"
    Received: [<img alt="App Sketch" src="sketch.jpg" />]

       9 |     test("The Quizzer renders the sketch", () => {
      10 |         const imageShow = screen.getAllByAltText("App Sketch");
    > 11 |         expect(imageShow).toEqual("App Sketch");
         |                           ^
      12 |     });
      13 | });
      14 |

      at Object.<anonymous> (src/quizzer/Quizzer.test.tsx:11:27)

FAIL src/App.test.tsx
  ● renders the course name somewhere

    TestingLibraryElementError: Unable to find an element with the text: /CISC275/i. This could be because the text is broken up by multiple elements. In this case, you can provide a function for your text matcher to make your matcher more flexible.

    Ignored nodes: comments, <script />, <style />
    [36m<body>[39m
      [36m<div>[39m
        [36m<div[39m
          [33mclass[39m=[32m"App"[39m
        [36m>[39m
          [36m<header[39m
            [33mclass[39m=[32m"App-header"[39m
          [36m>[39m
            [36m<div>[39m
              [0mQuizzer[0m
            [36m</div>[39m
          [36m</header>[39m
          [36m<hr />[39m
          [36m<button[39m
            [33mclass[39m=[32m"btn btn-primary"[39m
            [33mtype[39m=[32m"button"[39m
          [36m>[39m
            [0mToggle Quizzer[0m
          [36m</button>[39m
          [36m<hr />[39m
          [36m<div>[39m
            [36m<div>[39m
              [36m<div>[39m
                [36m<div>[39m
                  [36m<div>[39m
                    [36m<h4>[39m
                      [0mMath Quiz 1[0m
                    [36m</h4>[39m
                    [36m<div>[39m
                      [0mThe first math quiz[0m
                    [36m</div>[39m
                    [36m<div>[39m
                      [0mPoints: [0m
                      [0m2[0m
                    [36m</div>[39m
                    [36m<button[39m
                      [33mclass[39m=[32m"btn btn-primary"[39m
                      [33mtype[39m=[32m"button"[39m
                    [36m>[39m
                      [0mToggle View Quiz[0m
                    [36m</button>[39m
                    [36m<button[39m
                      [33mclass[39m=[32m"btn btn-primary"[39m
                      [33mtype[39m=[32m"button"[39m
                    [36m>[39m
                      [0mToggle Edit Quiz[0m
                    [36m</button>[39m
                    [36m<button[39m
                      [33mclass[39m=[32m"btn btn-primary"[39m
                      [33mtype[39m=[32m"button"[39m
                    [36m>[39m
                      [0mDelete Quiz[0m
                    [36m</button>[39m
                  [36m</div>[39m
                  [36m<hr />[39m
                [36m</div>[39m
                [36m<div>[39m
                  [36m<div>[39m
                    [36m<h4>[39m
                      [0mMath Quiz 2[0m
                    [36m</h4>[39m
                    [36m<div>[39m
                      [0mThe second math quiz[0m
                    [36m</div>[39m
                    [36m<div>[39m
                      [0mPoints: [0m
                      [0m0[0m
                    [36m</div>[39m
                    [36m<button[39m
                      [33mclass[39m=[32m"btn btn-primary"[39m
                      [33mtype[39m=[32m"button"[39m
                    [36m>[39m
                      [0mToggle View Quiz[0m
                    [36m</button>[39m
                    [36m<button[39m
                      [33mclass[39m=[32m"btn btn-primary"[39m
                      [33mtype[39m=[32m"button"[39m
                    [36m>[39m
                      [0mToggle Edit Quiz[0m
                    [36m</button>[39m
                    [36m<button[39m
                      [33mclass[39m=[32m"btn btn-primary"[39m
                      [33mtype[39m=[32m"button"[39m
                    [36m>[39m
                      [0mDelete Quiz[0m
                    [36m</button>[39m
                  [36m</div>[39m
                  [36m<hr />[39m
                [36m</div>[39m
                [36m<button[39m
                  [33mclass[39m=[32m"btn btn-primary"[39m
                  [33mtype[39m=[32m"button"[39m
                [36m>[39m
                  [0mAdd new empty quiz[0m
                [36m</button>[39m
              [36m</div>[39m
              [36m<hr />[39m
              [36m<img[39m
                [33malt[39m=[32m"App Sketch"[39m
                [33msrc[39m=[32m"sketch.jpg"[39m
              [36m/>[39m
              [36m<ul>[39m
                [36m<li>[39m
                  [0mAdded Sketch[0m
                [36m</li>[39m
                [36m<li>[39m
                  [0mCan add a new quiz[0m
                [36m</li>[39m
              [36m</ul>[39m
            [36m</div>[39m
            [36m<hr />[39m
          [36m</div>[39m
        [36m</div>[39m
      [36m</div>[39m
    [36m</body>[39m

       5 | test("renders the course name somewhere", () => {
       6 |     render(<App />);
    >  7 |     const linkElement = screen.getByText(/CISC275/i);
         |                                ^
       8 |     expect(linkElement).toBeInTheDocument();
       9 | });
      10 |

      at Object.getElementError (node_modules/@testing-library/dom/dist/config.js:38:19)
      at node_modules/@testing-library/dom/dist/query-helpers.js:90:38
      at node_modules/@testing-library/dom/dist/query-helpers.js:62:17
      at getByText (node_modules/@testing-library/dom/dist/query-helpers.js:111:19)
      at Object.<anonymous> (src/App.test.tsx:7:32)
      at TestScheduler.scheduleTests (node_modules/@jest/core/build/TestScheduler.js:333:13)
      at runJest (node_modules/@jest/core/build/runJest.js:404:19)
      at _run10000 (node_modules/@jest/core/build/cli/index.js:320:7)
      at runCLI (node_modules/@jest/core/build/cli/index.js:173:3)


Test Suites: 2 failed, 19 passed, 21 total
Tests:       2 failed, 133 passed, 135 total
Snapshots:   0 total
Time:        17.163 s
Ran all test suites.
